   Packaging questmancer v0.1.9 (/Users/alancurrie/Projects/herdr-web-master)
    Packaged 209 files, 6.3MiB (4.8MiB compressed)
   Verifying questmancer v0.1.9 (/Users/alancurrie/Projects/herdr-web-master)
   Compiling proc-macro2 v1.0.106
   Compiling unicode-ident v1.0.24
   Compiling quote v1.0.46
   Compiling libc v0.2.186
   Compiling cfg-if v1.0.4
   Compiling bitflags v2.13.0
   Compiling either v1.16.0
   Compiling strsim v0.11.1
   Compiling unicode-segmentation v1.13.3
   Compiling libm v0.2.16
   Compiling equivalent v1.0.2
   Compiling thiserror v2.0.18
   Compiling foldhash v0.2.0
   Compiling allocator-api2 v0.2.21
   Compiling rustversion v1.0.23
   Compiling heck v0.5.0
   Compiling ident_case v1.0.1
   Compiling autocfg v1.5.1
   Compiling crossbeam-utils v0.8.22
   Compiling crc32fast v1.5.0
   Compiling itoa v1.0.18
   Compiling simd-adler32 v0.3.10
   Compiling crossbeam-epoch v0.9.20
   Compiling hashbrown v0.16.1
   Compiling hashbrown v0.17.1
   Compiling num-traits v0.2.19
   Compiling itertools v0.14.0
   Compiling static_assertions v1.1.0
   Compiling unicode-width v0.2.2
   Compiling signal-hook v0.3.18
   Compiling ryu v1.0.23
   Compiling crossbeam-deque v0.8.7
   Compiling log v0.4.33
   Compiling adler2 v2.0.1
   Compiling serde_core v1.0.228
   Compiling instability v0.3.12
   Compiling parking_lot_core v0.9.12
   Compiling syn v2.0.118
   Compiling unicode-truncate v2.0.1
   Compiling miniz_oxide v0.8.9
   Compiling errno v0.3.14
   Compiling signal-hook-registry v1.4.8
   Compiling castaway v0.2.4
   Compiling mio v1.2.2
   Compiling darling_core v0.23.0
   Compiling lru v0.18.1
   Compiling convert_case v0.10.0
   Compiling rustix v1.1.4
   Compiling scopeguard v1.2.0
   Compiling zerocopy v0.8.54
   Compiling critical-section v1.2.0
   Compiling indoc v2.0.7
   Compiling radium v0.7.0
   Compiling rayon-core v1.13.0
   Compiling smallvec v1.15.2
   Compiling thiserror-impl v2.0.18
   Compiling bytemuck_derive v1.11.0
   Compiling strum_macros v0.28.0
   Compiling darling_macro v0.23.0
   Compiling darling v0.23.0
   Compiling bytemuck v1.25.1
   Compiling derive_more-impl v2.1.1
   Compiling strum v0.28.0
   Compiling lock_api v0.4.14
   Compiling flate2 v1.1.9
   Compiling num_threads v0.1.7
   Compiling syn v3.0.2
   Compiling fdeflate v0.3.7
   Compiling ref-cast v1.0.26
   Compiling futures-core v0.3.32
   Compiling compact_str v0.9.1
   Compiling tap v1.0.1
   Compiling powerfmt v0.2.0
   Compiling pxfm v0.1.30
   Compiling rand_core v0.9.5
   Compiling deranged v0.5.8
   Compiling palette v0.7.6
   Compiling num-conv v0.2.2
   Compiling time-core v0.1.9
   Compiling by_address v1.2.1
   Compiling litrs v1.0.0
   Compiling palette_derive v0.7.6
   Compiling document-features v0.2.12
   Compiling time v0.3.53
   Compiling wyz v0.5.1
   Compiling png v0.18.1
   Compiling ref-cast-impl v1.0.26
   Compiling signal-hook-mio v0.2.5
   Compiling parking_lot v0.12.5
   Compiling moxcms v0.8.1
   Compiling derive_more v2.1.1
   Compiling kasuari v0.4.12
   Compiling getrandom v0.2.17
   Compiling line-clipping v0.3.7
   Compiling funty v2.0.0
   Compiling shlex v2.0.1
   Compiling utf8parse v0.2.2
   Compiling byteorder-lite v0.1.0
   Compiling find-msvc-tools v0.1.9
   Compiling safe_arch v0.9.3
   Compiling fast-srgb8 v1.0.0
   Compiling bitvec v1.1.1
   Compiling wide v0.8.3
   Compiling cc v1.2.67
   Compiling anstyle-parse v1.0.0
   Compiling rand_core v0.6.4
   Compiling rayon v1.12.0
   Compiling ratatui-core v0.1.2
   Compiling ppv-lite86 v0.2.21
   Compiling rand v0.9.5
   Compiling rand_xoshiro v0.7.0
   Compiling ordered-float v5.3.0
   Compiling thiserror v1.0.69
   Compiling colorchoice v1.0.5
   Compiling zmij v1.0.23
   Compiling anstyle v1.0.14
   Compiling image v0.25.10
   Compiling anstyle-query v1.1.5
   Compiling rustix v0.38.44
   Compiling is_terminal_polyfill v1.70.2
   Compiling anstream v1.0.0
   Compiling blake3 v1.8.5
   Compiling rand_chacha v0.3.1
   Compiling thiserror-impl v1.0.69
   Compiling serde v1.0.228
   Compiling vsimd v0.8.0
   Compiling ratatui-widgets v0.3.2
   Compiling clap_lex v1.1.0
   Compiling ratatui-image v11.0.6
   Compiling anyhow v1.0.103
   Compiling crossterm v0.29.0
   Compiling outref v0.5.2
   Compiling winnow v1.0.4
   Compiling serde_json v1.0.150
   Compiling pin-project-lite v0.2.17
   Compiling toml_parser v1.1.2+spec-1.1.0
   Compiling base64-simd v0.8.0
   Compiling clap_builder v4.6.0
   Compiling rand v0.8.7
   Compiling toml_datetime v1.1.1+spec-1.1.0
   Compiling serde_spanned v1.1.1
   Compiling futures-macro v0.3.32
   Compiling tokio-macros v2.7.0
   Compiling ratatui-macros v0.7.2
   Compiling clap_derive v4.6.1
   Compiling serde_derive v1.0.228
   Compiling socket2 v0.6.4
   Compiling quantette v0.5.1
   Compiling ratatui-crossterm v0.1.2
   Compiling bytes v1.12.1
   Compiling ratatui v0.30.2
   Compiling memchr v2.8.3
   Compiling slab v0.4.12
   Compiling futures-task v0.3.32
   Compiling self_cell v1.3.0
   Compiling constant_time_eq v0.4.2
   Compiling arrayref v0.3.9
   Compiling arrayvec v0.7.8
   Compiling toml_writer v1.1.2+spec-1.1.0
   Compiling tokio v1.52.3
   Compiling toml v1.1.3+spec-1.1.0
   Compiling futures-util v0.3.32
   Compiling clap v4.6.1
   Compiling icy_sixel v0.5.0
   Compiling questmancer v0.1.9 (/Users/alancurrie/Projects/herdr-web-master/target/package/questmancer-0.1.9)
    Finished `dev` profile [unoptimized + debuginfo] target(s) in 15.28s
