   Compiling questmancer v0.1.9 (/Users/alancurrie/Projects/herdr-web-master)
    Finished `test` profile [unoptimized + debuginfo] target(s) in 0.42s
     Running tests/archetype_assets.rs (target/debug/deps/archetype_assets-d89813589f2f31a1)

running 16 tests
test every_class_has_an_authored_roster_master_at_the_small_tier ... ok
test barbarian_v2_has_truthful_pose_specific_world_frames ... ok
test roster_silhouette_families_are_pairwise_distinct ... ok
test pilot_card_fallbacks_reuse_the_current_personalised_sprite_without_stretching ... ok
test every_core_archetype_uses_a_world_master ... ok
test every_core_archetype_has_a_portrait_canvas ... ok
test same_family_personas_stay_distinguishable_at_roster_scale ... ok
test core_archetype_masters_are_pairwise_distinct_at_both_scales ... ok
test persona_substitution_preserves_the_authored_silhouette ... ok
test same_class_personas_with_different_appearance_render_distinct_world_masters ... ok
test garb_changes_the_sprite_without_changing_the_class ... ok
test persona_substitution_is_deterministic_for_a_fixed_persona ... ok
test returning_and_resting_change_every_class_sprite ... ok
test every_domain_class_routes_to_authored_world_and_portrait_assets ... ok
test no_two_classes_share_a_world_or_portrait_master ... ok
test pose_decorations_leave_most_of_the_class_master_intact ... ok

test result: ok. 16 passed; 0 failed; 0 ignored; 0 measured; 0 filtered out; finished in 0.00s

     Running tests/scene_party.rs (target/debug/deps/scene_party-1629af422c322a92)

running 7 tests
test every_ritual_pose_keeps_its_foot_anchor_and_native_dimensions ... ok
test tool_rituals_preserve_persona_masks_gear_and_independent_cards ... ok
test a_counsel_gesture_settles_once_and_leaves_the_blocked_adventurer_still ... ok
test both_rooms_play_two_working_frames_at_two_fps_for_each_ritual_class ... ok
test newer_quiet_states_and_disconnect_interrupt_tool_rituals_in_both_rooms ... ok
test each_return_places_its_spoils_then_settles_at_the_exact_three_second_deadline ... ok
test reduced_and_still_party_states_do_not_change_pixels_at_cleanup_deadlines ... ok

test result: ok. 7 passed; 0 failed; 0 ignored; 0 measured; 0 filtered out; finished in 0.92s

     Running tests/storybook.rs (target/debug/deps/storybook-1740d2374c87244d)

running 6 tests
test catalogue_contains_every_production_scene_interaction_once ... ok
test every_production_story_owns_one_asset_exactly_once ... ok
test scrying_story_contains_settled_output_without_live_io ... ok
test core_master_galleries_name_every_reviewed_archetype ... ok
test every_production_story_renders_at_its_minimum_viewport ... ok
test scene_inspection_reaches_small_production_layouts_while_asset_galleries_keep_their_minimum ... ok

test result: ok. 6 passed; 0 failed; 0 ignored; 0 measured; 0 filtered out; finished in 0.07s
